<html>
<body>
<pre>
<h1>µVision Build Log</h1>
<h2>Tool Versions:</h2>
IDE-Version: ¦ÌVision V5.37.0.0
Copyright (C) 2022 ARM Ltd and ARM Germany GmbH. All rights reserved.
License Information: t 11, tt, LIC=ZB4EI-TVKGI-FWM2N-YGPQ6-IQF6X-0T0UQ
 
Tool Versions:
Toolchain:       MDK-ARM Plus  Version: 5.37.0.0
Toolchain Path:  D:\Soft\MDK\Ide\ARM\ARMCC\Bin
C Compiler:      Armcc.exe V5.06 update 7 (build 960)
Assembler:       Armasm.exe V5.06 update 7 (build 960)
Linker/Locator:  ArmLink.exe V5.06 update 7 (build 960)
Library Manager: ArmAr.exe V5.06 update 7 (build 960)
Hex Converter:   FromElf.exe V5.06 update 7 (build 960)
CPU DLL:         SARMCM3.DLL V5.37.0.0
Dialog DLL:      DCM.DLL V1.17.5.0
Target DLL:      STLink\ST-LINKIII-KEIL_SWO.dll V3.0.9.0
Dialog DLL:      TCM.DLL V1.56.1.0
 
<h2>Project:</h2>
E:\Project\rt-thread-v5.1.0\bsp\stm32\stm32f103_rtt_temp\project.uvprojx
Project File Date:  01/09/2025

<h2>Output:</h2>
*** Using Compiler 'V5.06 update 7 (build 960)', folder: 'D:\Soft\MDK\Ide\ARM\ARMCC\Bin'
Build target 'rt-thread'
compiling syscall_mem.c...
compiling syscalls.c...
compiling cstring.c...
compiling cctype.c...
compiling cstdlib.c...
compiling condvar.c...
..\..\..\components\drivers\ipc\condvar.c(50): warning:  #68-D: integer conversion resulted in a change of sign
              if (timeout != RT_WAITING_FOREVER)
..\..\..\components\drivers\ipc\condvar.c(128): warning:  #68-D: integer conversion resulted in a change of sign
          if (rt_atomic_add(&cv->waiters_cnt, -1) == 1)
..\..\..\components\drivers\ipc\condvar.c: 2 warnings, 0 errors
compiling device.c...
compiling serial.c...
compiling workqueue.c...
compiling pin.c...
compiling waitqueue.c...
compiling ringbuffer.c...
compiling cunistd.c...
compiling cwchar.c...
compiling dataqueue.c...
compiling shell.c...
compiling msh.c...
compiling pipe.c...
compiling completion.c...
compiling ringblk_buf.c...
compiling ctime.c...
compiling msh_parse.c...
compiling idle.c...
compiling components.c...
compiling clock.c...
compiling kstring.c...
compiling mem.c...
compiling kstdio.c...
compiling cmd.c...
compiling kservice.c...
compiling irq.c...
compiling mempool.c...
compiling ipc.c...
compiling object.c...
compiling main.c...
compiling scheduler_comm.c...
compiling scheduler_up.c...
compiling atomic_arm.c...
compiling thread.c...
compiling timer.c...
compiling div0.c...
compiling showmem.c...
compiling cpuport.c...
compiling drv_common.c...
compiling board.c...
compiling drv_gpio.c...
compiling drv_usart.c...
compiling stm32f1xx_hal_msp.c...
compiling stm32f1xx_hal_crc.c...
compiling stm32f1xx_hal_cortex.c...
compiling stm32f1xx_hal_pwr.c...
compiling system_stm32f1xx.c...
compiling stm32f1xx_hal_rcc_ex.c...
compiling stm32f1xx_hal_gpio_ex.c...
compiling stm32f1xx_hal.c...
compiling stm32f1xx_hal_rcc.c...
compiling stm32f1xx_hal_dma.c...
compiling stm32f1xx_hal_cec.c...
compiling stm32f1xx_hal_usart.c...
compiling stm32f1xx_hal_gpio.c...
compiling stm32f1xx_hal_uart.c...
linking...
Program Size: Code=51664 RO-data=5928 RW-data=1028 ZI-data=3220  
FromELF: creating hex file...
After Build - User command #1: fromelf --bin .\Objects\rt-thread.axf --output rtthread.bin
".\Objects\rt-thread.axf" - 0 Error(s), 2 Warning(s).

<h2>Software Packages used:</h2>

Package Vendor: Keil
                http://www.keil.com/pack/Keil.STM32F1xx_DFP.2.3.0.pack
                Keil.STM32F1xx_DFP.2.3.0
                STMicroelectronics STM32F1 Series Device Support, Drivers and Examples

<h2>Collection of Component include folders:</h2>
  D:/Soft/MDK/Pack/Keil/STM32F1xx_DFP/2.3.0/Device/Include

<h2>Collection of Component Files used:</h2>
Build Time Elapsed:  00:00:04
</pre>
</body>
</html>
